C51 COMPILER V9.56.0.0   PWM                                                               04/06/2018 08:56:53 PAGE 1   


C51 COMPILER V9.56.0.0, COMPILATION OF MODULE PWM
OBJECT MODULE PLACED IN .\Objects\PWM.obj
COMPILER INVOKED BY: C:\Keil_8051\C51\BIN\C51.EXE PWM.C OPTIMIZE(8,SPEED) BROWSE DEBUG OBJECTEXTEND PRINT(.\Listings\PWM
                    -.lst) TABS(2) OBJECT(.\Objects\PWM.obj)

line level    source

   1          // blink led P1
   2          
   3          #include<reg52.h>
   4          
   5          void ms_delay( unsigned int time);
   6          
   7          void main()
   8          {
   9   1        int x;
  10   1        
  11   1        while(1)
  12   1        {
  13   2        for(x=0;x<=200;x++)
  14   2        {
  15   3        P1=0x0ff;  //on led
  16   3          P3=(0x01<<5);  //on motor
  17   3        ms_delay(1);// delay 1s
  18   3        P1=0x00; // off led
  19   3        P3=0x00;  //off motor
  20   3        ms_delay(9);
  21   3        }
  22   2        
  23   2          for(x=0;x<=200;x++)
  24   2        {
  25   3        P1=0x0ff;  //on led
  26   3          P3=(0x01<<5);  //on motor
  27   3        ms_delay(5);// delay 1s
  28   3        P1=0x00; // off led
  29   3          P3=0x00;  //off motor
  30   3        ms_delay(5);
  31   3        }
  32   2        
  33   2          for(x=0;x<=200;x++)
  34   2        {
  35   3        P1=0x0ff;  //on led
  36   3          P3=(0x01<<5);  //on motor
  37   3        ms_delay(9);// delay 1s
  38   3        P1=0x00; // off led
  39   3          P3=0x00;  //off motor
  40   3        ms_delay(1);
  41   3        }
  42   2        
  43   2      
  44   2      }
  45   1        }
  46          
  47          void ms_delay( unsigned int time)
  48          {
  49   1        unsigned int i,j;
  50   1        //time X 1ms
  51   1        for(i=0;i<time;i++)
  52   1        {
  53   2          for(j=0;j<113;j++);  //1 ms
  54   2        }
C51 COMPILER V9.56.0.0   PWM                                                               04/06/2018 08:56:53 PAGE 2   

  55   1      }


MODULE INFORMATION:   STATIC OVERLAYABLE
   CODE SIZE        =    180    ----
   CONSTANT SIZE    =   ----    ----
   XDATA SIZE       =   ----    ----
   PDATA SIZE       =   ----    ----
   DATA SIZE        =   ----       2
   IDATA SIZE       =   ----    ----
   BIT SIZE         =   ----    ----
END OF MODULE INFORMATION.


C51 COMPILATION COMPLETE.  0 WARNING(S),  0 ERROR(S)
